
> vite_react_shadcn_ts@0.0.0 build
> vite build

[36mvite v5.4.19 [32mbuilding for production...[36m[39m
transforming...
node.exe : Browserslist: 
browsers data 
(caniuse-lite) is 8 months 
old. Please run:
At line:1 char:1
+ & "C:\Program 
Files\nodejs/node.exe" 
"C:\Program 
Files\nodejs/node_mo ...
+ ~~~~~~~~~~~~~~~~~~~~~~~~~
~~~~~~~~~~~~~~~~~~~~~~~~~~~
~~~~~~~~~~~~~~~~~
    + CategoryInfo         
     : NotSpecified: (Bro  
  wserslist: b...ld. Ple   
 ase run::String) [], R    
emoteException
    + FullyQualifiedErrorI 
   d : NativeCommandError
 
  npx update-browserslist-d
b@latest
  Why you should do it 
regularly: https://github.c
om/browserslist/update-db#r
eadme
[32mΓ£ô[39m 14 modules transformed.
[31mx[39m Build failed 
in 1.02s
[31merror during build:
[31m[vite:esbuild] 
Transform failed with 1 
error:
C:/Users/SHAIK MUBEEN AHEMA
D/OneDrive/Desktop/campus-h
aven-manager-main/frontend/
src/pages/admin/AdminStuden
ts.tsx:229:42: ERROR: 
Unexpected closing 
"Trigger" tag does not 
match opening 
"SelectTrigger" tag[31m
file: [36mC:/Users/SHAIK 
MUBEEN AHEMAD/OneDrive/Desk
top/campus-haven-manager-ma
in/frontend/src/pages/admin
/AdminStudents.tsx:229:42[
31m
[33m
[33mUnexpected closing 
"Trigger" tag does not 
match opening 
"SelectTrigger" tag[33m
227|                       
                   
<SelectTrigger>
228|                       
                       
<SelectValue 
placeholder="Select Room" 
/>
229|                       
                   
</Trigger>
   |                       
                     ^
230|                       
                   
<SelectContent>
231|                       
                       
<SelectItem 
value="none">No Room 
Assigned</SelectItem>
[31m
    at failureErrorWithLog 
(C:\Users\SHAIK MUBEEN AHEM
AD\OneDrive\Desktop\campus-
haven-manager-main\frontend
\node_modules\esbuild\lib\m
ain.js:1472:15)
    at C:\Users\SHAIK 
MUBEEN AHEMAD\OneDrive\Desk
top\campus-haven-manager-ma
in\frontend\node_modules\es
build\lib\main.js:755:50
    at responseCallbacks.<c
omputed> (C:\Users\SHAIK 
MUBEEN AHEMAD\OneDrive\Desk
top\campus-haven-manager-ma
in\frontend\node_modules\es
build\lib\main.js:622:9)
    at 
handleIncomingPacket 
(C:\Users\SHAIK MUBEEN AHEM
AD\OneDrive\Desktop\campus-
haven-manager-main\frontend
\node_modules\esbuild\lib\m
ain.js:677:12)
    at 
Socket.readFromStdout 
(C:\Users\SHAIK MUBEEN AHEM
AD\OneDrive\Desktop\campus-
haven-manager-main\frontend
\node_modules\esbuild\lib\m
ain.js:600:7)
    at Socket.emit 
(node:events:508:28)
    at addChunk (node:inter
nal/streams/readable:559:12
)
    at readableAddChunkPush
ByteMode (node:internal/str
eams/readable:510:3)
    at Readable.push (node:
internal/streams/readable:3
90:5)
    at Pipe.onStreamRead (n
ode:internal/stream_base_co
mmons:189:23)[39m
